###############################################################################
#
# IAR ELF Linker V8.32.1.169/W32 for ARM                  29/Oct/2021  10:15:03
# Copyright 2007-2018 IAR Systems AB.
#
#    Output file  =  
#        C:\Users\kharb\OneDrive\Documents\CEembarqué\DMA\EWARM\DMA\Exe\DMA.out
#    Map file     =  
#        C:\Users\kharb\OneDrive\Documents\CEembarqué\DMA\EWARM\DMA\List\DMA.map
#    Command line =  
#        -f C:\Users\kharb\AppData\Local\Temp\EWF5EF.tmp
#        (C:\Users\kharb\OneDrive\Documents\CEembarqué\DMA\EWARM\DMA\Obj\main.o
#        C:\Users\kharb\OneDrive\Documents\CEembarqué\DMA\EWARM\DMA\Obj\startup_stm32f407xx.o
#        C:\Users\kharb\OneDrive\Documents\CEembarqué\DMA\EWARM\DMA\Obj\stm32f4xx_hal.o
#        C:\Users\kharb\OneDrive\Documents\CEembarqué\DMA\EWARM\DMA\Obj\stm32f4xx_hal_adc.o
#        C:\Users\kharb\OneDrive\Documents\CEembarqué\DMA\EWARM\DMA\Obj\stm32f4xx_hal_adc_ex.o
#        C:\Users\kharb\OneDrive\Documents\CEembarqué\DMA\EWARM\DMA\Obj\stm32f4xx_hal_cortex.o
#        C:\Users\kharb\OneDrive\Documents\CEembarqué\DMA\EWARM\DMA\Obj\stm32f4xx_hal_dma.o
#        C:\Users\kharb\OneDrive\Documents\CEembarqué\DMA\EWARM\DMA\Obj\stm32f4xx_hal_dma_ex.o
#        C:\Users\kharb\OneDrive\Documents\CEembarqué\DMA\EWARM\DMA\Obj\stm32f4xx_hal_exti.o
#        C:\Users\kharb\OneDrive\Documents\CEembarqué\DMA\EWARM\DMA\Obj\stm32f4xx_hal_flash.o
#        C:\Users\kharb\OneDrive\Documents\CEembarqué\DMA\EWARM\DMA\Obj\stm32f4xx_hal_flash_ex.o
#        C:\Users\kharb\OneDrive\Documents\CEembarqué\DMA\EWARM\DMA\Obj\stm32f4xx_hal_flash_ramfunc.o
#        C:\Users\kharb\OneDrive\Documents\CEembarqué\DMA\EWARM\DMA\Obj\stm32f4xx_hal_gpio.o
#        C:\Users\kharb\OneDrive\Documents\CEembarqué\DMA\EWARM\DMA\Obj\stm32f4xx_hal_msp.o
#        C:\Users\kharb\OneDrive\Documents\CEembarqué\DMA\EWARM\DMA\Obj\stm32f4xx_hal_pwr.o
#        C:\Users\kharb\OneDrive\Documents\CEembarqué\DMA\EWARM\DMA\Obj\stm32f4xx_hal_pwr_ex.o
#        C:\Users\kharb\OneDrive\Documents\CEembarqué\DMA\EWARM\DMA\Obj\stm32f4xx_hal_rcc.o
#        C:\Users\kharb\OneDrive\Documents\CEembarqué\DMA\EWARM\DMA\Obj\stm32f4xx_hal_rcc_ex.o
#        C:\Users\kharb\OneDrive\Documents\CEembarqué\DMA\EWARM\DMA\Obj\stm32f4xx_hal_tim.o
#        C:\Users\kharb\OneDrive\Documents\CEembarqué\DMA\EWARM\DMA\Obj\stm32f4xx_hal_tim_ex.o
#        C:\Users\kharb\OneDrive\Documents\CEembarqué\DMA\EWARM\DMA\Obj\stm32f4xx_it.o
#        C:\Users\kharb\OneDrive\Documents\CEembarqué\DMA\EWARM\DMA\Obj\stm32f4xx_ll_adc.o
#        C:\Users\kharb\OneDrive\Documents\CEembarqué\DMA\EWARM\DMA\Obj\system_stm32f4xx.o
#        --no_out_extension -o
#        C:\Users\kharb\OneDrive\Documents\CEembarqué\DMA\EWARM\DMA\Exe\DMA.out
#        --redirect _Printf=_PrintfFullNoMb --redirect _Scanf=_ScanfFullNoMb
#        --map
#        C:\Users\kharb\OneDrive\Documents\CEembarqué\DMA\EWARM\DMA\List\DMA.map
#        --config
#        C:\Users\kharb\OneDrive\Documents\CEembarqué\DMA\EWARM/stm32f407xx_flash.icf
#        --semihosting --entry __iar_program_start --vfe --text_out locale)
#
###############################################################################

*******************************************************************************
*** RUNTIME MODEL ATTRIBUTES
***

CppFlavor       = *
__SystemLibrary = DLib
__dlib_version  = 6


*******************************************************************************
*** HEAP SELECTION
***

The basic heap was selected because no calls to memory allocation
functions were found in the application outside of system library
functions, and there are calls to deallocation functions in the
application.


*******************************************************************************
*** PLACEMENT SUMMARY
***

"A0":  place at 0x800'0000 { ro section .intvec };
"P1":  place in [from 0x800'0000 to 0x80f'ffff] { ro };
define block CSTACK with size = 1K, alignment = 8 { };
define block HEAP with size = 512, alignment = 8 { };
"P2":  place in [from 0x2000'0000 to 0x2001'ffff] {
          rw, block CSTACK, block HEAP };
initialize by copy { rw };

  Section            Kind         Address    Size  Object
  -------            ----         -------    ----  ------
"A0":                                       0x188
  .intvec            ro code   0x800'0000   0x188  startup_stm32f407xx.o [1]
                             - 0x800'0188   0x188

"P1":                                      0x16a0
  .text              ro code   0x800'0188   0x47e  stm32f4xx_hal_adc.o [1]
  .text              ro code   0x800'0606    0x3a  zero_init3.o [4]
  .text              ro code   0x800'0640    0xe0  stm32f4xx_hal_msp.o [1]
  .text              ro code   0x800'0720   0x350  stm32f4xx_hal_dma.o [1]
  .text              ro code   0x800'0a70     0x2  stm32f4xx_hal_adc.o [1]
  .text              ro code   0x800'0a72     0x2  stm32f4xx_hal_adc.o [1]
  .text              ro code   0x800'0a74     0x2  stm32f4xx_hal_adc.o [1]
  .text              ro code   0x800'0a78     0x6  ABImemclr4.o [4]
  .text              ro code   0x800'0a80   0x1f4  stm32f4xx_hal_gpio.o [1]
  .text              ro code   0x800'0c74   0x1e0  main.o [1]
  .text              ro code   0x800'0e54     0xc  stm32f4xx_hal.o [1]
  .text              ro code   0x800'0e60    0x32  ABImemset48.o [4]
  .text              ro code   0x800'0e94    0x34  stm32f4xx_hal.o [1]
  .text              ro code   0x800'0ec8    0xc4  stm32f4xx_hal_cortex.o [1]
  .text              ro code   0x800'0f8c   0x330  stm32f4xx_hal_rcc.o [1]
  .text              ro code   0x800'12bc   0x180  stm32f4xx_hal_rcc.o [1]
  .text              ro code   0x800'143c    0x40  stm32f4xx_hal.o [1]
  .text              ro code   0x800'147c   0x106  I64DivMod_small.o [4]
  .text              ro code   0x800'1584     0x2  I64DivZer.o [4]
  .text              ro code   0x800'1586    0x2c  copy_init3.o [4]
  .text              ro code   0x800'15b4    0x28  data_init.o [4]
  .text              ro code   0x800'15dc    0x22  fpinit_M.o [3]
  .iar.init_table    const     0x800'1600    0x24  - Linker created -
  .text              ro code   0x800'1624    0x20  stm32f4xx_it.o [1]
  .text              ro code   0x800'1644    0x10  stm32f4xx_hal.o [1]
  .text              ro code   0x800'1654    0x20  system_stm32f4xx.o [1]
  .text              ro code   0x800'1674    0x1e  cmain.o [4]
  .text              ro code   0x800'1692     0x4  low_level_init.o [2]
  .text              ro code   0x800'1696     0x4  exit.o [2]
  .text              ro code   0x800'169c     0xa  cexit.o [4]
  .text              ro code   0x800'16a8    0x14  exit.o [5]
  .text              ro code   0x800'16bc    0x10  startup_stm32f407xx.o [1]
  Initializer bytes  const     0x800'16cc    0x10  <for P2-1>
  .text              ro code   0x800'16dc     0xc  cstartup_M.o [4]
  .text              ro code   0x800'16e8     0x4  startup_stm32f407xx.o [1]
  .text              ro code   0x800'16ec     0x4  startup_stm32f407xx.o [1]
  .text              ro code   0x800'16f0     0x4  startup_stm32f407xx.o [1]
  .text              ro code   0x800'16f4     0x4  startup_stm32f407xx.o [1]
  .text              ro code   0x800'16f8     0x4  startup_stm32f407xx.o [1]
  .text              ro code   0x800'16fc     0x4  startup_stm32f407xx.o [1]
  .text              ro code   0x800'1700     0x4  startup_stm32f407xx.o [1]
  .text              ro code   0x800'1704     0x4  startup_stm32f407xx.o [1]
  .text              ro code   0x800'1708     0x4  startup_stm32f407xx.o [1]
  .text              ro code   0x800'170c     0x4  startup_stm32f407xx.o [1]
  .text              ro code   0x800'1710     0x4  startup_stm32f407xx.o [1]
  .text              ro code   0x800'1714     0x4  startup_stm32f407xx.o [1]
  .text              ro code   0x800'1718     0x4  startup_stm32f407xx.o [1]
  .text              ro code   0x800'171c     0x4  startup_stm32f407xx.o [1]
  .text              ro code   0x800'1720     0x4  startup_stm32f407xx.o [1]
  .text              ro code   0x800'1724     0x4  startup_stm32f407xx.o [1]
  .text              ro code   0x800'1728     0x4  startup_stm32f407xx.o [1]
  .text              ro code   0x800'172c     0x4  startup_stm32f407xx.o [1]
  .text              ro code   0x800'1730     0x4  startup_stm32f407xx.o [1]
  .text              ro code   0x800'1734     0x4  startup_stm32f407xx.o [1]
  .text              ro code   0x800'1738     0x4  startup_stm32f407xx.o [1]
  .text              ro code   0x800'173c     0x4  startup_stm32f407xx.o [1]
  .text              ro code   0x800'1740     0x4  startup_stm32f407xx.o [1]
  .text              ro code   0x800'1744     0x4  startup_stm32f407xx.o [1]
  .text              ro code   0x800'1748     0x4  startup_stm32f407xx.o [1]
  .text              ro code   0x800'174c     0x4  startup_stm32f407xx.o [1]
  .text              ro code   0x800'1750     0x4  startup_stm32f407xx.o [1]
  .text              ro code   0x800'1754     0x4  startup_stm32f407xx.o [1]
  .text              ro code   0x800'1758     0x4  startup_stm32f407xx.o [1]
  .text              ro code   0x800'175c     0x4  startup_stm32f407xx.o [1]
  .text              ro code   0x800'1760     0x4  startup_stm32f407xx.o [1]
  .text              ro code   0x800'1764     0x4  startup_stm32f407xx.o [1]
  .text              ro code   0x800'1768     0x4  startup_stm32f407xx.o [1]
  .text              ro code   0x800'176c     0x4  startup_stm32f407xx.o [1]
  .text              ro code   0x800'1770     0x4  startup_stm32f407xx.o [1]
  .text              ro code   0x800'1774     0x4  startup_stm32f407xx.o [1]
  .text              ro code   0x800'1778     0x4  startup_stm32f407xx.o [1]
  .text              ro code   0x800'177c     0x4  startup_stm32f407xx.o [1]
  .text              ro code   0x800'1780     0x4  startup_stm32f407xx.o [1]
  .text              ro code   0x800'1784     0x4  startup_stm32f407xx.o [1]
  .text              ro code   0x800'1788     0x4  startup_stm32f407xx.o [1]
  .text              ro code   0x800'178c     0x4  startup_stm32f407xx.o [1]
  .text              ro code   0x800'1790     0x4  startup_stm32f407xx.o [1]
  .text              ro code   0x800'1794     0x4  startup_stm32f407xx.o [1]
  .text              ro code   0x800'1798     0x4  startup_stm32f407xx.o [1]
  .text              ro code   0x800'179c     0x4  startup_stm32f407xx.o [1]
  .text              ro code   0x800'17a0     0x4  startup_stm32f407xx.o [1]
  .text              ro code   0x800'17a4     0x4  startup_stm32f407xx.o [1]
  .text              ro code   0x800'17a8     0x4  startup_stm32f407xx.o [1]
  .text              ro code   0x800'17ac     0x4  startup_stm32f407xx.o [1]
  .text              ro code   0x800'17b0     0x4  startup_stm32f407xx.o [1]
  .text              ro code   0x800'17b4     0x4  startup_stm32f407xx.o [1]
  .text              ro code   0x800'17b8     0x4  startup_stm32f407xx.o [1]
  .text              ro code   0x800'17bc     0x4  startup_stm32f407xx.o [1]
  .text              ro code   0x800'17c0     0x4  startup_stm32f407xx.o [1]
  .text              ro code   0x800'17c4     0x4  startup_stm32f407xx.o [1]
  .text              ro code   0x800'17c8     0x4  startup_stm32f407xx.o [1]
  .text              ro code   0x800'17cc     0x4  startup_stm32f407xx.o [1]
  .text              ro code   0x800'17d0     0x4  startup_stm32f407xx.o [1]
  .text              ro code   0x800'17d4     0x4  startup_stm32f407xx.o [1]
  .text              ro code   0x800'17d8     0x4  startup_stm32f407xx.o [1]
  .text              ro code   0x800'17dc     0x4  startup_stm32f407xx.o [1]
  .text              ro code   0x800'17e0     0x4  startup_stm32f407xx.o [1]
  .text              ro code   0x800'17e4     0x4  startup_stm32f407xx.o [1]
  .text              ro code   0x800'17e8     0x4  startup_stm32f407xx.o [1]
  .text              ro code   0x800'17ec     0x4  startup_stm32f407xx.o [1]
  .text              ro code   0x800'17f0     0x4  startup_stm32f407xx.o [1]
  .text              ro code   0x800'17f4     0x4  startup_stm32f407xx.o [1]
  .text              ro code   0x800'17f8     0x4  startup_stm32f407xx.o [1]
  .text              ro code   0x800'17fc     0x4  startup_stm32f407xx.o [1]
  .text              ro code   0x800'1800     0x4  startup_stm32f407xx.o [1]
  .text              ro code   0x800'1804     0x4  startup_stm32f407xx.o [1]
  .text              ro code   0x800'1808     0x4  startup_stm32f407xx.o [1]
  .text              ro code   0x800'180c     0x4  startup_stm32f407xx.o [1]
  .text              ro code   0x800'1810     0x4  startup_stm32f407xx.o [1]
  .text              ro code   0x800'1814     0x4  startup_stm32f407xx.o [1]
  .text              ro code   0x800'1818     0x4  startup_stm32f407xx.o [1]
  .text              ro code   0x800'181c     0x4  startup_stm32f407xx.o [1]
  .text              ro code   0x800'1820     0x4  startup_stm32f407xx.o [1]
  .text              ro code   0x800'1824     0x4  startup_stm32f407xx.o [1]
  .rodata            const     0x800'1828     0x0  zero_init3.o [4]
  .rodata            const     0x800'1828     0x0  copy_init3.o [4]
                             - 0x800'1828  0x16a0

"P2", part 1 of 3:                           0x10
  P2-1                        0x2000'0000    0x10  <Init block>
    .data            inited   0x2000'0000     0xc  stm32f4xx_hal.o [1]
    .data            inited   0x2000'000c     0x4  system_stm32f4xx.o [1]
                            - 0x2000'0010    0x10

"P2", part 2 of 3:                           0xac
  .bss               zero     0x2000'0010    0x60  main.o [1]
  .bss               zero     0x2000'0070    0x4c  main.o [1]
                            - 0x2000'00bc    0xac

"P2", part 3 of 3:                          0x400
  CSTACK                      0x2000'00c0   0x400  <Block>
    CSTACK           uninit   0x2000'00c0   0x400  <Block tail>
                            - 0x2000'04c0   0x400

Unused ranges:

         From           To      Size
         ----           --      ----
   0x800'1828   0x80f'ffff  0xf'e7d8
  0x2000'00bc  0x2000'00bf       0x4
  0x2000'04c0  0x2001'ffff  0x1'fb40


*******************************************************************************
*** INIT TABLE
***

          Address      Size
          -------      ----
Zero (__iar_zero_init3)
    1 destination range, total size 0xac:
          0x2000'0010  0xac

Copy (__iar_copy_init3)
    1 source range, total size 0x10:
           0x800'16cc  0x10
    1 destination range, total size 0x10:
          0x2000'0000  0x10



*******************************************************************************
*** MODULE SUMMARY
***

    Module                  ro code  ro data  rw data
    ------                  -------  -------  -------
command line/config:
    -------------------------------------------------
    Total:

C:\Users\kharb\OneDrive\Documents\CEembarqué\DMA\EWARM\DMA\Obj: [1]
    main.o                      480               172
    startup_stm32f407xx.o       728
    stm32f4xx_hal.o             144       12       12
    stm32f4xx_hal_adc.o       1 156
    stm32f4xx_hal_cortex.o      196
    stm32f4xx_hal_dma.o         848
    stm32f4xx_hal_gpio.o        500
    stm32f4xx_hal_msp.o         224
    stm32f4xx_hal_rcc.o       1 200
    stm32f4xx_it.o               32
    system_stm32f4xx.o           32        4        4
    -------------------------------------------------
    Total:                    5 540       16      188

dl7M_tln.a: [2]
    exit.o                        4
    low_level_init.o              4
    -------------------------------------------------
    Total:                        8

m7M_tls.a: [3]
    fpinit_M.o                   34
    -------------------------------------------------
    Total:                       34

rt7M_tl.a: [4]
    ABImemclr4.o                  6
    ABImemset48.o                50
    I64DivMod_small.o           262
    I64DivZer.o                   2
    cexit.o                      10
    cmain.o                      30
    copy_init3.o                 44
    cstartup_M.o                 12
    data_init.o                  40
    zero_init3.o                 58
    -------------------------------------------------
    Total:                      514

shb_l.a: [5]
    exit.o                       20
    -------------------------------------------------
    Total:                       20

    Gaps                         14        2
    Linker created                        36    1 024
-----------------------------------------------------
    Grand Total:              6 130       54    1 212


*******************************************************************************
*** ENTRY LIST
***

Entry                       Address   Size  Type      Object
-----                       -------   ----  ----      ------
.iar.init_table$$Base    0x800'1600          --   Gb  - Linker created -
.iar.init_table$$Limit   0x800'1624          --   Gb  - Linker created -
?main                    0x800'1675         Code  Gb  cmain.o [4]
ADC_DMAConvCplt          0x800'0585   0x66  Code  Lc  stm32f4xx_hal_adc.o [1]
ADC_DMAError             0x800'05f5   0x12  Code  Lc  stm32f4xx_hal_adc.o [1]
ADC_DMAHalfConvCplt      0x800'05ed    0x6  Code  Lc  stm32f4xx_hal_adc.o [1]
ADC_Init                 0x800'0465   0xf8  Code  Lc  stm32f4xx_hal_adc.o [1]
AHBPrescTable            0x800'1664   0x10  Data  Gb  system_stm32f4xx.o [1]
BusFault_Handler         0x800'162b    0x2  Code  Gb  stm32f4xx_it.o [1]
CSTACK$$Base            0x2000'00c0          --   Gb  - Linker created -
CSTACK$$Limit           0x2000'04c0          --   Gb  - Linker created -
DMA2_Stream0_IRQHandler
                         0x800'1639    0x6  Code  Gb  stm32f4xx_it.o [1]
DMA_CalcBaseAndBitshift
                         0x800'0a41   0x26  Code  Lc  stm32f4xx_hal_dma.o [1]
DMA_CalcBaseAndBitshift::flagBitshiftOffset
                         0x800'0a68    0x8  Data  Lc  stm32f4xx_hal_dma.o [1]
DMA_SetConfig            0x800'0a21   0x20  Code  Lc  stm32f4xx_hal_dma.o [1]
DebugMon_Handler         0x800'1631    0x2  Code  Gb  stm32f4xx_it.o [1]
Error_Handler            0x800'0e51    0x4  Code  Gb  main.o [1]
HAL_ADC_ConfigChannel    0x800'0331  0x10e  Code  Gb  stm32f4xx_hal_adc.o [1]
HAL_ADC_Init             0x800'0189   0x50  Code  Gb  stm32f4xx_hal_adc.o [1]
HAL_ADC_MspInit          0x800'0675   0x94  Code  Gb  stm32f4xx_hal_msp.o [1]
HAL_ADC_Start_DMA        0x800'01f7  0x13a  Code  Gb  stm32f4xx_hal_adc.o [1]
HAL_DMA_IRQHandler       0x800'0871  0x192  Code  Gb  stm32f4xx_hal_dma.o [1]
HAL_DMA_Init             0x800'0721   0xee  Code  Gb  stm32f4xx_hal_dma.o [1]
HAL_DMA_Start_IT         0x800'080f   0x62  Code  Gb  stm32f4xx_hal_dma.o [1]
HAL_GPIO_Init            0x800'0a81  0x1be  Code  Gb  stm32f4xx_hal_gpio.o [1]
HAL_GPIO_WritePin        0x800'0c3f    0x8  Code  Gb  stm32f4xx_hal_gpio.o [1]
HAL_GetTick              0x800'0e55    0xc  Code  Wk  stm32f4xx_hal.o [1]
HAL_IncTick              0x800'1645   0x10  Code  Wk  stm32f4xx_hal.o [1]
HAL_Init                 0x800'0e95   0x30  Code  Gb  stm32f4xx_hal.o [1]
HAL_InitTick             0x800'143d   0x40  Code  Wk  stm32f4xx_hal.o [1]
HAL_MspInit              0x800'0641   0x34  Code  Gb  stm32f4xx_hal_msp.o [1]
HAL_NVIC_EnableIRQ       0x800'0f37   0x16  Code  Gb  stm32f4xx_hal_cortex.o [1]
HAL_NVIC_SetPriority     0x800'0efd   0x3a  Code  Gb  stm32f4xx_hal_cortex.o [1]
HAL_NVIC_SetPriorityGrouping
                         0x800'0ee3   0x1a  Code  Gb  stm32f4xx_hal_cortex.o [1]
HAL_RCC_ClockConfig      0x800'12bd  0x100  Code  Gb  stm32f4xx_hal_rcc.o [1]
HAL_RCC_OscConfig        0x800'0f8d  0x330  Code  Wk  stm32f4xx_hal_rcc.o [1]
HAL_SYSTICK_Config       0x800'0f4d   0x28  Code  Gb  stm32f4xx_hal_cortex.o [1]
HardFault_Handler        0x800'1627    0x2  Code  Gb  stm32f4xx_it.o [1]
MemManage_Handler        0x800'1629    0x2  Code  Gb  stm32f4xx_it.o [1]
NMI_Handler              0x800'1625    0x2  Code  Gb  stm32f4xx_it.o [1]
PendSV_Handler           0x800'1633    0x2  Code  Gb  stm32f4xx_it.o [1]
Region$$Table$$Base      0x800'1600          --   Gb  - Linker created -
Region$$Table$$Limit     0x800'1624          --   Gb  - Linker created -
SVC_Handler              0x800'162f    0x2  Code  Gb  stm32f4xx_it.o [1]
SysTick_Handler          0x800'1635    0x4  Code  Gb  stm32f4xx_it.o [1]
SystemClock_Config       0x800'0d99   0x9a  Code  Gb  main.o [1]
SystemCoreClock         0x2000'000c    0x4  Data  Gb  system_stm32f4xx.o [1]
SystemInit               0x800'1655    0xc  Code  Gb  system_stm32f4xx.o [1]
UsageFault_Handler       0x800'162d    0x2  Code  Gb  stm32f4xx_it.o [1]
__NVIC_SetPriority       0x800'0ec9   0x1a  Code  Lc  stm32f4xx_hal_cortex.o [1]
__aeabi_ldiv0            0x800'1585         Code  Gb  I64DivZer.o [4]
__aeabi_memclr4          0x800'0a79         Code  Gb  ABImemclr4.o [4]
__cmain                  0x800'1675         Code  Gb  cmain.o [4]
__exit                   0x800'16a9   0x14  Code  Gb  exit.o [5]
__iar_Memset4_word       0x800'0e61         Code  Gb  ABImemset48.o [4]
__iar_Memset8_word       0x800'0e61         Code  Gb  ABImemset48.o [4]
__iar_copy_init3         0x800'1587   0x2c  Code  Gb  copy_init3.o [4]
__iar_data_init3         0x800'15b5   0x28  Code  Gb  data_init.o [4]
__iar_init_vfp           0x800'15dd         Code  Gb  fpinit_M.o [3]
__iar_program_start      0x800'16dd         Code  Gb  cstartup_M.o [4]
__iar_small_uldivmod     0x800'147d         Code  Gb  I64DivMod_small.o [4]
__iar_zero_init3         0x800'0607   0x3a  Code  Gb  zero_init3.o [4]
__low_level_init         0x800'1693    0x4  Code  Gb  low_level_init.o [2]
__vector_table           0x800'0000         Data  Gb  startup_stm32f407xx.o [1]
_call_main               0x800'1681         Code  Gb  cmain.o [4]
_exit                    0x800'169d         Code  Gb  cexit.o [4]
_main                    0x800'168f         Code  Gb  cmain.o [4]
exit                     0x800'1697    0x4  Code  Gb  exit.o [2]
hadc1                   0x2000'0070   0x48  Data  Gb  main.o [1]
hdma_adc1               0x2000'0010   0x60  Data  Gb  main.o [1]
main                     0x800'0c75  0x124  Code  Gb  main.o [1]
uwTick                  0x2000'0004    0x4  Data  Gb  stm32f4xx_hal.o [1]
uwTickFreq              0x2000'0000    0x1  Data  Gb  stm32f4xx_hal.o [1]
uwTickPrio              0x2000'0008    0x4  Data  Gb  stm32f4xx_hal.o [1]
val                     0x2000'00b8    0x4  Data  Gb  main.o [1]


[1] = C:\Users\kharb\OneDrive\Documents\CEembarqué\DMA\EWARM\DMA\Obj
[2] = dl7M_tln.a
[3] = m7M_tls.a
[4] = rt7M_tl.a
[5] = shb_l.a

  6 130 bytes of readonly  code memory
     54 bytes of readonly  data memory
  1 212 bytes of readwrite data memory

Errors: none
Warnings: none
